[EXEC] Starting execution...
[EXEC] Executing: E:\1.lua
[EXEC] Size: 115879 bytes
[EXEC] Stack before: 0
[EXEC] Executing file: E:\1.lua
[EXEC] Script size: 115879 bytes
[EXEC] Starting execution...
[EXEC] Executing: E:\1.lua
[EXEC] Size: 62 bytes
[EXEC] Stack before: 0
[EXEC] Executing file: E:\1.lua
[EXEC] Script size: 62 bytes
[EXEC] Stack after: 0
[EXEC] Done.
[EXEC] Starting execution...
[EXEC] Executing: C:\Users\marce\Downloads\IdiotBox_latest.lua
[EXEC] Size: 359736 bytes
[EXEC] Stack before: 0
[EXEC] Executing file: C:\Users\marce\Downloads\IdiotBox_latest.lua
[EXEC] Script size: 359736 bytes
[EXEC] Starting execution...
[EXEC] Executing: E:\1.lua
[EXEC] Size: 5989 bytes
[EXEC] Stack before: 0
[EXEC] Executing file: E:\1.lua
[EXEC] Script size: 5989 bytes
[EXEC] Starting execution...
[EXEC] Executing: E:\1.lua
[EXEC] Size: 5989 bytes
[EXEC] Stack before: 1
[EXEC] Executing file: E:\1.lua
[EXEC] Script size: 5989 bytes
[EXEC] Stack after: 1
[EXEC] Done.
[EXEC] Starting execution...
[EXEC] Executing: E:\1.lua
[EXEC] Size: 359735 bytes
[EXEC] Stack before: 0
[EXEC] Executing file: E:\1.lua
[EXEC] Script size: 359735 bytes
[EXEC] Starting execution...
[EXEC] Executing: E:\abc.lua
[EXEC] Size: 115879 bytes
[EXEC] Stack before: 0
[EXEC] Executing file: E:\abc.lua
[EXEC] Script size: 115879 bytes
[EXEC] Stack after: 1
[EXEC] Cleaning 1 leaked stack value(s)
[EXEC] Done.
[EXEC] Starting execution...
[EXEC] Executing: E:\abc.lua
[EXEC] Size: 6243 bytes
[EXEC] Stack before: 0
[EXEC] Executing file: E:\abc.lua
[EXEC] Script size: 6243 bytes
[EXEC] Stack after: 0
[EXEC] Done.
[EXEC] Starting execution...
[EXEC] Executing: E:\abc.lua
[EXEC] Size: 7023 bytes
[EXEC] Stack before: 0
[EXEC] Executing file: E:\abc.lua
[EXEC] Script size: 7023 bytes
[EXEC] Stack after: 0
[EXEC] Done.
[EXEC] Starting execution...
[EXEC] Executing: E:\abc.lua
[EXEC] Size: 7023 bytes
[EXEC] Stack before: 0
[EXEC] Executing file: E:\abc.lua
[EXEC] Script size: 7023 bytes
[EXEC] Stack after: 0
[EXEC] Done.
[EXEC] Starting execution...
[EXEC] Executing: E:\abc.lua
[EXEC] Size: 6943 bytes
[EXEC] Stack before: 0
[EXEC] Executing file: E:\abc.lua
[EXEC] Script size: 6943 bytes
[EXEC] Stack after: 0
[EXEC] Done.
[EXEC] Starting execution...
[EXEC] Executing: E:\abc.lua
[EXEC] Size: 4987 bytes
[EXEC] Stack before: 0
[EXEC] Executing file: E:\abc.lua
[EXEC] Script size: 4987 bytes
[EXEC] Starting execution...
[EXEC] Executing: E:\abc.lua
[EXEC] Size: 4477 bytes
[EXEC] Stack before: 0
[EXEC] Executing file: E:\abc.lua
[EXEC] Script size: 4477 bytes
[EXEC] Stack after: 0
[EXEC] Done.
[EXEC] Starting execution...
[EXEC] Executing: E:\abc.lua
[EXEC] Size: 4477 bytes
[EXEC] Stack before: 0
[EXEC] Executing file: E:\abc.lua
[EXEC] Script size: 4477 bytes
[EXEC] Stack after: 0
[EXEC] Done.
